apiVersion: v1
kind: ConfigMap
metadata:
  name: kptfile.kpt.dev
  annotations:
    config.kubernetes.io/local-config: "true"
    config.kubernetes.io/path: 'package-context.yaml'
data:
  name: input
