apiVersion: v1
kind: ConfigMap
metadata:
  name: kptfile.kpt.dev
  annotations:
    config.kubernetes.io/local-config: "true"
data:
  name: input
  package-path: parent1/parent1.2/parent1.2.3/me
